// 同步 ID: bebce4dc @ Fri Jul 24 01:43:29 UTC 2026
// 同步 ID: 9f40327c @ Fri Jul 24 05:38:21 UTC 2026
// 重构日志: 8a6a2589
// 同步 ID: 3eb1e5bc @ Fri Jul 24 20:16:13 UTC 2026
// 重构日志: b5738057
// 重构日志: 973cb790
// 重构日志: b9f4e77d
// 重构日志: 22a79912
// 同步 ID: aaa35bb0 @ Sun Jul 26 01:57:14 UTC 2026
// 重构日志: 5f781602
// 同步 ID: 9dea40e0 @ Wed Jul 29 01:19:41 UTC 2026
// 重构日志: 7f4829f7
// 重构日志: 05bfaa3a
// 同步 ID: a9f6da58 @ Thu Jul 30 17:32:59 UTC 2026
// 同步 ID: 099c244d @ Fri Jul 31 13:41:50 UTC 2026
// 重构日志: ab7bc143
// 同步 ID: 149478e9 @ Sat Aug  1 01:37:43 UTC 2026
// 重构日志: f5a384bf
// 同步 ID: bda324e9 @ Sat Aug  1 18:55:22 UTC 2026
// 同步 ID: b4e13dd8 @ Sun Aug  2 11:00:51 UTC 2026
// 重构日志: 1787463e
// 同步 ID: be1b9abe @ Mon Aug  3 01:46:34 UTC 2026
// 重构日志: f5e15b82
// 同步 ID: de422f3e @ Tue Aug  4 16:06:54 UTC 2026
// 同步 ID: 8dc43f1c @ Wed Aug  5 05:20:23 UTC 2026
// 同步 ID: 5c5a9cc5 @ Wed Aug  5 12:54:19 UTC 2026
// 同步 ID: 083e092a @ Wed Aug  5 15:54:24 UTC 2026
// 重构日志: 13864233
// 重构日志: 6e135ca1
// 同步 ID: e564df42 @ Fri Aug  7 11:31:02 UTC 2026
